<html>
<body>
<pre>
<h1>µVision Build Log</h1>
<h2>Tool Versions:</h2>
IDE-Version: µVision V5.29.0.0
Copyright (C) 2019 ARM Ltd and ARM Germany GmbH. All rights reserved.
License Information: omar abdelghany, CrocoMarine, LIC=----
 
Tool Versions:
Toolchain:       MDK-Lite  Version: 5.29.0.0
Toolchain Path:  C:\Keil_v5\ARM\ARMCC\Bin
C Compiler:      Armcc.exe V5.06 update 6 (build 750)
Assembler:       Armasm.exe V5.06 update 6 (build 750)
Linker/Locator:  ArmLink.exe V5.06 update 6 (build 750)
Library Manager: ArmAr.exe V5.06 update 6 (build 750)
Hex Converter:   FromElf.exe V5.06 update 6 (build 750)
CPU DLL:         SARMCM3.DLL V5.29.0.0
Dialog DLL:      DCM.DLL V1.17.3.0
Target DLL:      lmidk-agdi.dll V???
Dialog DLL:      TCM.DLL V1.36.5.0
 
<h2>Project:</h2>
C:\Users\omarz\Documents\Arm_WorkSpace\ARM_DRIVERS-TIVAC123GH6PM-\arm_drivers\test1.uvprojx
Project File Date:  05/10/2023

<h2>Output:</h2>
*** Using Compiler 'V5.06 update 6 (build 750)', folder: 'C:\Keil_v5\ARM\ARMCC\Bin'
Rebuild target 'Target 1'
compiling Timer.c...
CONFIG.h(65): warning:  #1-D: last line of file ends without a newline
   
STD_Types.h(18): warning:  #1-D: last line of file ends without a newline
  	
Interrupt.h(9): warning:  #1295-D: Deprecated declaration SysTick_Handler - give arg types
  void SysTick_Handler ();	
Interrupt.h(10): warning:  #1295-D: Deprecated declaration Enable_SYSTICK_Interrupt - give arg types
  void Enable_SYSTICK_Interrupt();
Interrupt.h(11): warning:  #1295-D: Deprecated declaration Disable_SYSTICK_Interrupt - give arg types
  void Disable_SYSTICK_Interrupt();
Interrupt.h(12): warning:  #1295-D: Deprecated declaration GPIOF_Handler - give arg types
  void GPIOF_Handler ();
Interrupt.h(13): warning:  #1295-D: Deprecated declaration ENABLE_EXTERNAL_INTERRUPT - give arg types
  void ENABLE_EXTERNAL_INTERRUPT();
Interrupt.h(14): warning:  #1-D: last line of file ends without a newline
  #endif /* INTERRUPT_H_ */
Timer.h(15): warning:  #1-D: last line of file ends without a newline
  #endif /* TIMER_H_ */
Timer.c: 9 warnings, 0 errors
compiling GPIO.c...
CONFIG.h(65): warning:  #1-D: last line of file ends without a newline
   
STD_Types.h(18): warning:  #1-D: last line of file ends without a newline
  	
GPIO.c: 2 warnings, 0 errors
compiling Interrupt.c...
CONFIG.h(65): warning:  #1-D: last line of file ends without a newline
   
STD_Types.h(18): warning:  #1-D: last line of file ends without a newline
  	
interrupt.h(9): warning:  #1295-D: Deprecated declaration SysTick_Handler - give arg types
  void SysTick_Handler ();	
interrupt.h(10): warning:  #1295-D: Deprecated declaration Enable_SYSTICK_Interrupt - give arg types
  void Enable_SYSTICK_Interrupt();
interrupt.h(11): warning:  #1295-D: Deprecated declaration Disable_SYSTICK_Interrupt - give arg types
  void Disable_SYSTICK_Interrupt();
interrupt.h(12): warning:  #1295-D: Deprecated declaration GPIOF_Handler - give arg types
  void GPIOF_Handler ();
interrupt.h(13): warning:  #1295-D: Deprecated declaration ENABLE_EXTERNAL_INTERRUPT - give arg types
  void ENABLE_EXTERNAL_INTERRUPT();
interrupt.h(14): warning:  #1-D: last line of file ends without a newline
  #endif /* INTERRUPT_H_ */
Interrupt.c: 8 warnings, 0 errors
compiling UART0.c...
STD_Types.h(18): warning:  #1-D: last line of file ends without a newline
  	
CONFIG.h(65): warning:  #1-D: last line of file ends without a newline
   
UART0.h(15): warning:  #1295-D: Deprecated declaration UART0_Init - give arg types
  void UART0_Init();
UART0.h(17): warning:  #1295-D: Deprecated declaration UART0_READ - give arg types
  uint8 UART0_READ();
UART0.h(20): warning:  #1-D: last line of file ends without a newline
  #endif 
UART0.c: 5 warnings, 0 errors
compiling clock.c...
CONFIG.h(65): warning:  #1-D: last line of file ends without a newline
   
STD_Types.h(18): warning:  #1-D: last line of file ends without a newline
  	
clock.c(127): warning:  #1-D: last line of file ends without a newline
  	}
clock.c: 3 warnings, 0 errors
compiling main.c...
LED.h(12): warning:  #1-D: last line of file ends without a newline
  #endif
CONFIG.h(65): warning:  #1-D: last line of file ends without a newline
   
STD_Types.h(18): warning:  #1-D: last line of file ends without a newline
  	
Interrupt.h(9): warning:  #1295-D: Deprecated declaration SysTick_Handler - give arg types
  void SysTick_Handler ();	
Interrupt.h(10): warning:  #1295-D: Deprecated declaration Enable_SYSTICK_Interrupt - give arg types
  void Enable_SYSTICK_Interrupt();
Interrupt.h(11): warning:  #1295-D: Deprecated declaration Disable_SYSTICK_Interrupt - give arg types
  void Disable_SYSTICK_Interrupt();
Interrupt.h(12): warning:  #1295-D: Deprecated declaration GPIOF_Handler - give arg types
  void GPIOF_Handler ();
Interrupt.h(13): warning:  #1295-D: Deprecated declaration ENABLE_EXTERNAL_INTERRUPT - give arg types
  void ENABLE_EXTERNAL_INTERRUPT();
Interrupt.h(14): warning:  #1-D: last line of file ends without a newline
  #endif /* INTERRUPT_H_ */
Timer.h(15): warning:  #1-D: last line of file ends without a newline
  #endif /* TIMER_H_ */
WatchDogTimer0.h(10): warning:  #1295-D: Deprecated declaration WatchDog_Init - give arg types
  void WatchDog_Init(); //intialize the watchDog timer
WatchDogTimer0.h(11): warning:  #1295-D: Deprecated declaration WatchDog_Refresh - give arg types
  void WatchDog_Refresh(); //WatchDog Reneable by loading the Load registers
WatchDogTimer0.h(12): warning:  #1295-D: Deprecated declaration WDT0_Handler - give arg types
  void WDT0_Handler();		//the interrupt handler
WatchDogTimer0.h(16): warning:  #1-D: last line of file ends without a newline
  #endif
UART0.h(15): warning:  #1295-D: Deprecated declaration UART0_Init - give arg types
  void UART0_Init();
UART0.h(17): warning:  #1295-D: Deprecated declaration UART0_READ - give arg types
  uint8 UART0_READ();
UART0.h(20): warning:  #1-D: last line of file ends without a newline
  #endif 
APP.h(13): warning:  #1295-D: Deprecated declaration APP_init - give arg types
  void APP_init();
APP.h(16): warning:  #1-D: last line of file ends without a newline
  #endif /* APP_APP_H_ */
main.c: 19 warnings, 0 errors
compiling WatchDogTimer0.c...
CONFIG.h(65): warning:  #1-D: last line of file ends without a newline
   
STD_Types.h(18): warning:  #1-D: last line of file ends without a newline
  	
WatchDogTimer0.h(10): warning:  #1295-D: Deprecated declaration WatchDog_Init - give arg types
  void WatchDog_Init(); //intialize the watchDog timer
WatchDogTimer0.h(11): warning:  #1295-D: Deprecated declaration WatchDog_Refresh - give arg types
  void WatchDog_Refresh(); //WatchDog Reneable by loading the Load registers
WatchDogTimer0.h(12): warning:  #1295-D: Deprecated declaration WDT0_Handler - give arg types
  void WDT0_Handler();		//the interrupt handler
WatchDogTimer0.h(16): warning:  #1-D: last line of file ends without a newline
  #endif
WatchDogTimer0.c(68): warning:  #1-D: last line of file ends without a newline
  }		//the interrupt handler
WatchDogTimer0.c(5): warning:  #177-D: variable "wtd_tolerance_count"  was declared but never referenced
  static int wtd_tolerance_count=0;
WatchDogTimer0.c: 8 warnings, 0 errors
assembling startup_TM4C123.s...
compiling APP.c...
LED.h(12): warning:  #1-D: last line of file ends without a newline
  #endif
CONFIG.h(65): warning:  #1-D: last line of file ends without a newline
   
STD_Types.h(18): warning:  #1-D: last line of file ends without a newline
  	
Interrupt.h(9): warning:  #1295-D: Deprecated declaration SysTick_Handler - give arg types
  void SysTick_Handler ();	
Interrupt.h(10): warning:  #1295-D: Deprecated declaration Enable_SYSTICK_Interrupt - give arg types
  void Enable_SYSTICK_Interrupt();
Interrupt.h(11): warning:  #1295-D: Deprecated declaration Disable_SYSTICK_Interrupt - give arg types
  void Disable_SYSTICK_Interrupt();
Interrupt.h(12): warning:  #1295-D: Deprecated declaration GPIOF_Handler - give arg types
  void GPIOF_Handler ();
Interrupt.h(13): warning:  #1295-D: Deprecated declaration ENABLE_EXTERNAL_INTERRUPT - give arg types
  void ENABLE_EXTERNAL_INTERRUPT();
Interrupt.h(14): warning:  #1-D: last line of file ends without a newline
  #endif /* INTERRUPT_H_ */
Timer.h(15): warning:  #1-D: last line of file ends without a newline
  #endif /* TIMER_H_ */
WatchDogTimer0.h(10): warning:  #1295-D: Deprecated declaration WatchDog_Init - give arg types
  void WatchDog_Init(); //intialize the watchDog timer
WatchDogTimer0.h(11): warning:  #1295-D: Deprecated declaration WatchDog_Refresh - give arg types
  void WatchDog_Refresh(); //WatchDog Reneable by loading the Load registers
WatchDogTimer0.h(12): warning:  #1295-D: Deprecated declaration WDT0_Handler - give arg types
  void WDT0_Handler();		//the interrupt handler
WatchDogTimer0.h(16): warning:  #1-D: last line of file ends without a newline
  #endif
UART0.h(15): warning:  #1295-D: Deprecated declaration UART0_Init - give arg types
  void UART0_Init();
UART0.h(17): warning:  #1295-D: Deprecated declaration UART0_READ - give arg types
  uint8 UART0_READ();
UART0.h(20): warning:  #1-D: last line of file ends without a newline
  #endif 
APP.h(13): warning:  #1295-D: Deprecated declaration APP_init - give arg types
  void APP_init();
APP.h(16): warning:  #1-D: last line of file ends without a newline
  #endif /* APP_APP_H_ */
APP.c(34): warning:  #223-D: function "ENABLE_EXTERNAL_INTERRUPT_PORTF" declared implicitly
  	ENABLE_EXTERNAL_INTERRUPT_PORTF();
APP.c: 20 warnings, 0 errors
compiling system_TM4C123.c...
linking...
Program Size: Code=3524 RO-data=684 RW-data=20 ZI-data=612  
FromELF: creating hex file...
".\Objects\test1.axf" - 0 Error(s), 74 Warning(s).

<h2>Software Packages used:</h2>

Package Vendor: ARM
                http://www.keil.com/pack/ARM.CMSIS.5.6.0.pack
                ARM.CMSIS.5.6.0
                CMSIS (Cortex Microcontroller Software Interface Standard)
   * Component: CORE Version: 5.3.0

Package Vendor: Keil
                http://www.keil.com/pack/Keil.TM4C_DFP.1.1.0.pack
                Keil.TM4C_DFP.1.1.0
                Texas Instruments Tiva C Series Device Support and Examples
   * Component: Startup Version: 1.0.1

<h2>Collection of Component include folders:</h2>
  .\RTE\_Target_1
  C:\Users\omarz\AppData\Local\Arm\Packs\ARM\CMSIS\5.6.0\CMSIS\Core\Include
  C:\Users\omarz\AppData\Local\Arm\Packs\Keil\TM4C_DFP\1.1.0\Device\Include\TM4C123

<h2>Collection of Component Files used:</h2>

   * Component: ARM::CMSIS:CORE:5.3.0

   * Component: Keil::Device:Startup:1.0.1
      Source file:   Device\Source\ARM\startup_TM4C123.s
      Include file:  Device\Include\TM4C123\TM4C123.h
      Source file:   Device\Source\system_TM4C123.c
Build Time Elapsed:  00:00:00
</pre>
</body>
</html>
